// Jest Snapshot v1, https://goo.gl/fbAQLP

exports[`n-avatar avatar adjust text 1`] = `"<span class=\\"n-avatar\\" style=\\"--font-size: 14px; --border-radius: 3px; --color: rgba(204, 204, 204, 1); --bezier: cubic-bezier(.4, 0, .2, 1); --size: 34px;\\"><span class=\\"n-avatar__text\\" style=\\"transform: translateX(-50%) translateY(-50%) scale(1);\\">adjust text</span></span>"`;

exports[`n-avatar custom style 1`] = `"<span class=\\"n-avatar\\" style=\\"--font-size: 14px; --border-radius: 3px; --color: rgba(204, 204, 204, 1); --bezier: cubic-bezier(.4, 0, .2, 1); --size: 34px; background-color: red;\\"><span class=\\"n-avatar__text\\" style=\\"transform: translateX(-50%) translateY(-50%) scale(1);\\"></span></span>"`;

exports[`n-avatar icon avatar 1`] = `"<span class=\\"n-avatar\\" style=\\"--font-size: 14px; --border-radius: 3px; --color: rgba(204, 204, 204, 1); --bezier: cubic-bezier(.4, 0, .2, 1); --size: 34px;\\"><span class=\\"n-avatar__text\\" style=\\"transform: translateX(-50%) translateY(-50%) scale(1);\\"><i role=\\"img\\" class=\\"n-icon\\" style=\\"--bezier: cubic-bezier(.4, 0, .2, 1);\\"><svg xmlns=\\"http://www.w3.org/2000/svg\\" viewBox=\\"0 0 512 512\\"><rect x=\\"32\\" y=\\"80\\" width=\\"448\\" height=\\"256\\" rx=\\"16\\" ry=\\"16\\" transform=\\"translate(512 416) rotate(180)\\" style=\\"fill: none; stroke: currentColor; stroke-linejoin: round; stroke-width: 32px;\\"></rect><line x1=\\"64\\" y1=\\"384\\" x2=\\"448\\" y2=\\"384\\" style=\\"fill: none; stroke: currentColor; stroke-linecap: round; stroke-linejoin: round; stroke-width: 32px;\\"></line><line x1=\\"96\\" y1=\\"432\\" x2=\\"416\\" y2=\\"432\\" style=\\"fill: none; stroke: currentColor; stroke-linecap: round; stroke-linejoin: round; stroke-width: 32px;\\"></line><circle cx=\\"256\\" cy=\\"208\\" r=\\"80\\" style=\\"fill: none; stroke: currentColor; stroke-linecap: round; stroke-linejoin: round; stroke-width: 32px;\\"></circle><path d=\\"M480,160a80,80,0,0,1-80-80\\" style=\\"fill: none; stroke: currentColor; stroke-linecap: round; stroke-linejoin: round; stroke-width: 32px;\\"></path><path d=\\"M32,160a80,80,0,0,0,80-80\\" style=\\"fill: none; stroke: currentColor; stroke-linecap: round; stroke-linejoin: round; stroke-width: 32px;\\"></path><path d=\\"M480,256a80,80,0,0,0-80,80\\" style=\\"fill: none; stroke: currentColor; stroke-linecap: round; stroke-linejoin: round; stroke-width: 32px;\\"></path><path d=\\"M32,256a80,80,0,0,1,80,80\\" style=\\"fill: none; stroke: currentColor; stroke-linecap: round; stroke-linejoin: round; stroke-width: 32px;\\"></path></svg></i></span></span>"`;

exports[`n-avatar image avatar 1`] = `"<span class=\\"n-avatar\\" style=\\"--font-size: 14px; --border-radius: 3px; --color: rgba(204, 204, 204, 1); --bezier: cubic-bezier(.4, 0, .2, 1); --size: 34px;\\"><img src=\\"https://07akioni.oss-cn-beijing.aliyuncs.com/07akioni.jpeg\\"></span>"`;

exports[`n-avatar round avatar 1`] = `"<span class=\\"n-avatar\\" style=\\"--font-size: 14px; --border-radius: 50%; --color: rgba(204, 204, 204, 1); --bezier: cubic-bezier(.4, 0, .2, 1); --size: 34px;\\"><span class=\\"n-avatar__text\\" style=\\"transform: translateX(-50%) translateY(-50%) scale(1);\\"></span></span>"`;

exports[`n-avatar size is number 1`] = `"<span class=\\"n-avatar\\" style=\\"--font-size: 14px; --border-radius: 3px; --color: rgba(204, 204, 204, 1); --bezier: cubic-bezier(.4, 0, .2, 1); --size: 50px;\\"><span class=\\"n-avatar__text\\" style=\\"transform: translateX(-50%) translateY(-50%) scale(1);\\"></span></span>"`;

exports[`n-avatar size is string 1`] = `"<span class=\\"n-avatar\\" style=\\"--font-size: 14px; --border-radius: 3px; --color: rgba(204, 204, 204, 1); --bezier: cubic-bezier(.4, 0, .2, 1); --size: 34px;\\"><span class=\\"n-avatar__text\\" style=\\"transform: translateX(-50%) translateY(-50%) scale(1);\\"></span></span>"`;
