// Jest Snapshot v1, https://goo.gl/fbAQLP

exports[`n-skeleton should work with \`circle\` prop 1`] = `"border-radius: 50%; --bezier: cubic-bezier(.4, 0, .2, 1); --color-start: #eee; --color-end: #ddd;"`;

exports[`n-skeleton should work with \`round\` prop 1`] = `"border-radius: 4096px; --bezier: cubic-bezier(.4, 0, .2, 1); --color-start: #eee; --color-end: #ddd;"`;

exports[`n-skeleton should work with \`sharp\` prop 1`] = `"border-radius: 3px; --bezier: cubic-bezier(.4, 0, .2, 1); --color-start: #eee; --color-end: #ddd;"`;

exports[`n-skeleton should work with \`text\` prop 1`] = `"display: inline-block; vertical-align: -0.125em; --bezier: cubic-bezier(.4, 0, .2, 1); --color-start: #eee; --color-end: #ddd;"`;

exports[`n-skeleton should work with box 1`] = `"--bezier: cubic-bezier(.4, 0, .2, 1); --color-start: #eee; --color-end: #ddd;"`;
