// Jest Snapshot v1, https://goo.gl/fbAQLP

exports[`n-radio should work with \`size\` prop 1`] = `"--bezier: cubic-bezier(.4, 0, .2, 1); --box-shadow: inset 0 0 0 1px rgb(224, 224, 230); --box-shadow-active: inset 0 0 0 1px #18a058; --box-shadow-disabled: inset 0 0 0 1px rgb(224, 224, 230); --box-shadow-focus: inset 0 0 0 1px #18a058, 0 0 0 2px rgba(24, 160, 88, 0.2); --box-shadow-hover: inset 0 0 0 1px #18a058; --color: #FFF; --color-disabled: rgb(250, 250, 252); --dot-color-active: #18a058; --dot-color-disabled: rgb(224, 224, 230); --font-size: 14px; --radio-size: 14px; --text-color: rgb(51, 54, 57); --text-color-disabled: rgba(194, 194, 194, 1); --label-padding: 0 8px;"`;

exports[`n-radio should work with \`size\` prop 2`] = `"--bezier: cubic-bezier(.4, 0, .2, 1); --box-shadow: inset 0 0 0 1px rgb(224, 224, 230); --box-shadow-active: inset 0 0 0 1px #18a058; --box-shadow-disabled: inset 0 0 0 1px rgb(224, 224, 230); --box-shadow-focus: inset 0 0 0 1px #18a058, 0 0 0 2px rgba(24, 160, 88, 0.2); --box-shadow-hover: inset 0 0 0 1px #18a058; --color: #FFF; --color-disabled: rgb(250, 250, 252); --dot-color-active: #18a058; --dot-color-disabled: rgb(224, 224, 230); --font-size: 14px; --radio-size: 16px; --text-color: rgb(51, 54, 57); --text-color-disabled: rgba(194, 194, 194, 1); --label-padding: 0 8px;"`;

exports[`n-radio should work with \`size\` prop 3`] = `"--bezier: cubic-bezier(.4, 0, .2, 1); --box-shadow: inset 0 0 0 1px rgb(224, 224, 230); --box-shadow-active: inset 0 0 0 1px #18a058; --box-shadow-disabled: inset 0 0 0 1px rgb(224, 224, 230); --box-shadow-focus: inset 0 0 0 1px #18a058, 0 0 0 2px rgba(24, 160, 88, 0.2); --box-shadow-hover: inset 0 0 0 1px #18a058; --color: #FFF; --color-disabled: rgb(250, 250, 252); --dot-color-active: #18a058; --dot-color-disabled: rgb(224, 224, 230); --font-size: 15px; --radio-size: 18px; --text-color: rgb(51, 54, 57); --text-color-disabled: rgba(194, 194, 194, 1); --label-padding: 0 8px;"`;
