// Jest Snapshot v1, https://goo.gl/fbAQLP

exports[`n-menu should dropdown work with \`render-label\` props 1`] = `
<body>
  <div
    class="v-binder-follower-container"
    style="z-index: 2000;"
  >
    <div
      class="v-binder-follower-content"
    >
      <transition-stub>
        <div
          class="n-dropdown-menu n-popover n-dropdown"
          style="--box-shadow: 0 3px 6px -4px rgba(0, 0, 0, .12), 0 6px 16px 0 rgba(0, 0, 0, .08), 0 9px 28px 8px rgba(0, 0, 0, .05); --bezier: cubic-bezier(.4, 0, .2, 1); --bezier-ease-in: cubic-bezier(.4, 0, 1, 1); --bezier-ease-out: cubic-bezier(0, 0, .2, 1); --font-size: 14px; --text-color: rgb(51, 54, 57); --color: #fff; --divider-color: rgb(239, 239, 245); --border-radius: 3px; --arrow-height: 6px; --arrow-offset: 10px; --arrow-offset-vertical: 10px; --padding: 4px 0; --space: 6px; --space-arrow: 10px; --option-height: 40px; --option-prefix-width: 16px; --option-icon-prefix-width: 40px; --option-suffix-width: 16px; --option-icon-suffix-width: 36px; --option-icon-size: 18px; --option-opacity-disabled: 0.5; --option-color-hover: rgb(243, 243, 245); --option-color-active: rgba(24, 160, 88, 0.1); --option-text-color: rgb(51, 54, 57); --option-text-color-hover: rgb(51, 54, 57); --option-text-color-active: #18a058; --option-text-color-child-active: #18a058; --prefix-color: rgb(51, 54, 57); --suffix-color: rgb(51, 54, 57); --group-header-text-color: rgb(158, 164, 170);"
        >
          
          <div
            class="n-dropdown-option"
          >
            <div
              class="n-dropdown-option-body n-dropdown-option-body--group"
            >
              <div
                __dropdown-option="true"
                class="n-dropdown-option-body__prefix"
              />
              <div
                __dropdown-option="true"
                class="n-dropdown-option-body__label"
              >
                song-group
              </div>
              <div
                __dropdown-option="true"
                class="n-dropdown-option-body__suffix"
              />
            </div>
          </div>
          
          <div
            class="n-dropdown-option"
          >
            <div
              class="n-dropdown-option-body"
            >
              <div
                __dropdown-option="true"
                class="n-dropdown-option-body__prefix"
              />
              <div
                __dropdown-option="true"
                class="n-dropdown-option-body__label"
              >
                <a
                  class="fantasy"
                  href="fantasy"
                  rel="fantasy"
                >
                  fantasy
                </a>
              </div>
              <div
                __dropdown-option="true"
                class="n-dropdown-option-body__suffix"
              />
            </div>
            <!---->
          </div>
          <div
            class="n-dropdown-option"
          >
            <div
              class="n-dropdown-option-body"
            >
              <div
                __dropdown-option="true"
                class="n-dropdown-option-body__prefix"
              />
              <div
                __dropdown-option="true"
                class="n-dropdown-option-body__label"
              >
                <a
                  class="mojito"
                  href="mojito"
                  rel="mojito"
                >
                  mojito
                </a>
              </div>
              <div
                __dropdown-option="true"
                class="n-dropdown-option-body__suffix"
              />
            </div>
            <!---->
          </div>
          
          
        </div>
      </transition-stub>
    </div>
  </div>
  
</body>
`;
